// Jest Snapshot v1, https://goo.gl/fbAQLP

exports[`renders Navbar component correctly 1`] = `
<div
  className="SimpleAppBar-root-182"
>
  <header
    className="MuiPaper-root-196 MuiPaper-elevation4-202 MuiAppBar-root-187 MuiAppBar-positionStatic-191 MuiAppBar-colorPrimary-194"
  >
    <div
      className="MuiToolbar-root-223 MuiToolbar-regular-225 MuiToolbar-gutters-224"
    >
      <div
        className="MuiGrid-container-227"
      >
        <div
          className="MuiGrid-item-228 MuiGrid-grid-xs-12-267"
        >
          <a
            className="SimpleAppBar-link-186"
            href="/"
            onClick={[Function]}
          >
            <h4
              className="MuiTypography-root-324 MuiTypography-h4-339 MuiTypography-colorInherit-353 SimpleAppBar-nameLarge-185"
            >
              Chance The Trainer
            </h4>
            <h6
              className="MuiTypography-root-324 MuiTypography-subtitle2-343 MuiTypography-colorInherit-353 SimpleAppBar-nameSmall-184"
            >
              Chance The Trainer sm
            </h6>
          </a>
        </div>
        <div
          className="MuiGrid-item-228 MuiGrid-grid-xs-12-267"
        >
          <h6
            className="MuiTypography-root-324 MuiTypography-h6-341 MuiTypography-colorInherit-353 SimpleAppBar-nameLarge-185"
          >
            by: ajDevs
          </h6>
          <span
            className="MuiTypography-root-324 MuiTypography-caption-334 MuiTypography-colorInherit-353 SimpleAppBar-nameSmall-184"
          >
            by: ajDevs sm
          </span>
        </div>
      </div>
    </div>
  </header>
</div>
`;

exports[`renders demo button correctly 1`] = `
<div
  className="ProgressBar"
>
  <div>
    <label />
  </div>
</div>
`;
