// Jest Snapshot v1, https://goo.gl/fbAQLP

exports[`renders correctly 1`] = `
<div
  className="App"
>
  <div
    className="SimpleAppBar-root-246"
  >
    <header
      className="MuiPaper-root-260 MuiPaper-elevation4-266 MuiAppBar-root-251 MuiAppBar-positionStatic-255 MuiAppBar-colorPrimary-258"
    >
      <div
        className="MuiToolbar-root-287 MuiToolbar-regular-289 MuiToolbar-gutters-288"
      >
        <div
          className="MuiGrid-container-291"
        >
          <div
            className="MuiGrid-item-292 MuiGrid-grid-xs-12-331"
          >
            <a
              className="SimpleAppBar-link-250"
              href="/"
              onClick={[Function]}
            >
              <h4
                className="MuiTypography-root-388 MuiTypography-h4-403 MuiTypography-colorInherit-417 SimpleAppBar-nameLarge-249"
              >
                Chance The Trainer
              </h4>
              <h6
                className="MuiTypography-root-388 MuiTypography-subtitle2-407 MuiTypography-colorInherit-417 SimpleAppBar-nameSmall-248"
              >
                Chance The Trainer sm
              </h6>
            </a>
          </div>
          <div
            className="MuiGrid-item-292 MuiGrid-grid-xs-12-331"
          >
            <h6
              className="MuiTypography-root-388 MuiTypography-h6-405 MuiTypography-colorInherit-417 SimpleAppBar-nameLarge-249"
            >
              by: ajDevs
            </h6>
            <span
              className="MuiTypography-root-388 MuiTypography-caption-398 MuiTypography-colorInherit-417 SimpleAppBar-nameSmall-248"
            >
              by: ajDevs sm
            </span>
          </div>
        </div>
      </div>
    </header>
  </div>
  <header
    className="App-header"
  >
    <br />
    <div>
      <div
        className="MuiPaper-root-260 MuiPaper-elevation5-267 MuiPaper-rounded-261 WithTheme-WithWidth-Home---root-424"
      >
        <h4
          className="MuiTypography-root-388 MuiTypography-body2-396"
        >
          <div
            className="HowToList-root-425"
          >
            <nav
              className="MuiList-root-426 MuiList-padding-427"
            >
              <h3>
                How this works
              </h3>
              <li
                className="MuiListItem-root-430 MuiListItem-default-433 MuiListItem-gutters-438"
                disabled={false}
              >
                <div
                  className="MuiListItemText-root-442"
                >
                  <span
                    className="MuiTypography-root-388 MuiTypography-body1-397 MuiListItemText-primary-445"
                  >
                     This is an app that helps with Public Speaking.
                  </span>
                </div>
              </li>
              <li
                className="MuiListItem-root-430 MuiListItem-default-433 MuiListItem-gutters-438"
                disabled={false}
                href="#simple-list"
              >
                <div
                  className="MuiListItemText-root-442"
                >
                  <span
                    className="MuiTypography-root-388 MuiTypography-body1-397 MuiListItemText-primary-445"
                  >
                    Its a random slide show generator
                  </span>
                </div>
              </li>
              <li
                className="MuiListItem-root-430 MuiListItem-default-433 MuiListItem-gutters-438"
                disabled={false}
                href="#simple-list"
              >
                <div
                  className="MuiListItemText-root-442"
                >
                  <span
                    className="MuiTypography-root-388 MuiTypography-body1-397 MuiListItemText-primary-445"
                  >
                    3 slides (photos) // 30 seconds a piece
                  </span>
                </div>
              </li>
              <li
                className="MuiListItem-root-430 MuiListItem-default-433 MuiListItem-gutters-438"
                disabled={false}
                href="#simple-list"
              >
                <div
                  className="MuiListItemText-root-442"
                >
                  <span
                    className="MuiTypography-root-388 MuiTypography-body1-397 MuiListItemText-primary-445"
                  >
                    Start a speech inspired by the photo displayed
                  </span>
                </div>
              </li>
              <li
                className="MuiListItem-root-430 MuiListItem-default-433 MuiListItem-gutters-438"
                disabled={false}
                href="#simple-list"
              >
                <div
                  className="MuiListItemText-root-442"
                >
                  <span
                    className="MuiTypography-root-388 MuiTypography-body1-397 MuiListItemText-primary-445"
                  >
                    Relate your points from previous slide with the next
                  </span>
                </div>
              </li>
              <li
                className="MuiListItem-root-430 MuiListItem-default-433 MuiListItem-gutters-438"
                disabled={false}
                href="#simple-list"
              >
                <div
                  className="MuiListItemText-root-442"
                >
                  <span
                    className="MuiTypography-root-388 MuiTypography-body1-397 MuiListItemText-primary-445"
                  >
                    Tie your points together with the last slide
                  </span>
                </div>
              </li>
              <li
                className="MuiListItem-root-430 MuiListItem-default-433 MuiListItem-gutters-438"
                disabled={false}
                href="#simple-list"
              >
                <div
                  className="MuiListItemText-root-442"
                >
                  <span
                    className="MuiTypography-root-388 MuiTypography-body1-397 MuiListItemText-primary-445"
                  >
                    Click the get started button
                  </span>
                </div>
              </li>
              <li
                className="MuiListItem-root-430 MuiListItem-default-433 MuiListItem-gutters-438"
                disabled={false}
                href="#simple-list"
              >
                <div
                  className="MuiListItemText-root-442"
                >
                  <span
                    className="MuiTypography-root-388 MuiTypography-body1-397 MuiListItemText-primary-445"
                  >
                    Once directed to Slideshow, press the play button
                  </span>
                </div>
              </li>
            </nav>
          </div>
          <div>
            <a
              href="/slideshow"
              onClick={[Function]}
            >
              <button
                className="MuiButtonBase-root-475 MuiButton-root-449 MuiButton-contained-460 MuiButton-containedPrimary-461 MuiButton-raised-463 MuiButton-raisedPrimary-464 GetStartedButton-button-448"
                disabled={false}
                onBlur={[Function]}
                onContextMenu={[Function]}
                onFocus={[Function]}
                onKeyDown={[Function]}
                onKeyUp={[Function]}
                onMouseDown={[Function]}
                onMouseLeave={[Function]}
                onMouseUp={[Function]}
                onTouchEnd={[Function]}
                onTouchMove={[Function]}
                onTouchStart={[Function]}
                tabIndex="0"
                type="button"
              >
                <span
                  className="MuiButton-label-450"
                >
                  Get Started
                </span>
                <span
                  className="MuiTouchRipple-root-478"
                />
              </button>
            </a>
          </div>
        </h4>
      </div>
    </div>
  </header>
</div>
`;
